Before function call
Hello from inside the function body!
After function call :)
