1An 0R
8.340000
We're true!
We're false!
We're true, too!
We're false, too!
1As 0R: Hello!
